
WEC-Sim Input From Standard wecSimInputFile.m Of Case Directory... 
WEC-Sim: An open-source code for simulating wave energy converters
Version: 6.1.2

Initializing the Simulation Class...
	Case Dir: C:\Users\smbar\Box\PMEC-BIL\wec vs wind lifetime comparison\github\example 
Elapsed time is 0.712058 seconds.

WEC-Sim Pre-processing ...   
	Infinite water depth specified in BEM and "waves.waterDepth" not specified in input file.
Set water depth to 200m for visualization.
Elapsed time is 0.184579 seconds.

WEC-Sim Simulation Settings:
	Start Time                     (sec) = 0
	End Time                       (sec) = 200
	Time Step Size                 (sec) = 0.001
	Ramp Function Time             (sec) = 50
	 Number of Time Steps     = 200000 

Wave Environment: 
	Wave Type                            = Regular Waves (Constant Hydrodynamic Coefficients)
	Wave Height, height (m)                   = 2
	Wave Period, period (sec)                 = 8

List of Body:
 Number of Hydro Bodies = 2 

	***** Body Number 1, Name: float *****
	Body CG                          (m) = [0,0,-0.72]
	Body Mass                       (kg) = 725833 
	Body Moments of Inertia       (kgm2) = [2.09073E+07,2.13061E+07,3.70855E+07]
	Body Products of Inertia      (kgm2) = [0,0,0]

	***** Body Number 2, Name: spar *****
	Body CG                          (m) = [0,0,-21.29]
	Body Mass                       (kg) = 886687 
	Body Moments of Inertia       (kgm2) = [9.44196E+07,9.44071E+07,2.85422E+07]
	Body Products of Inertia      (kgm2) = [0,0,0]

List of PTO(s): Number of PTOs = 1 

	***** PTO Name: PTO1 *****
	PTO Stiffness           (N/m;Nm/rad) = 0
	PTO Damping           (Ns/m;Nsm/rad) = 0

List of Constraint(s): Number of Constraints = 1 

	***** Constraint Name: Constraint1 *****


Simulating the WEC device defined in the SimMechanics model C:\Users\smbar\Box\PMEC-BIL\wec vs wind lifetime comparison\github\example\RM3_rackAndPinion_w_PEC.slx...   
Elapsed time is 0.128189 seconds.
Elapsed time is 18.319170 seconds.

Post-processing and saving...   
Elapsed time is 0.127003 seconds.
